
 correlation_sweep_equal_nuisance
IRM
delta 0.00 w=(1.531,0.350,0.012) q=[-0.1242 -0.1224] dotH_IS=-4.025e-03 dotH_SS=-1.093e-02 fd_err=2.664e-12
delta 0.10 w=(1.531,0.349,0.012) q=[-0.1237 -0.1229] dotH_IS=-4.034e-03 dotH_SS=-1.096e-02 fd_err=2.516e-12
delta 0.30 w=(1.532,0.344,0.012) q=[-0.1227 -0.1237] dotH_IS=-4.067e-03 dotH_SS=-1.117e-02 fd_err=4.464e-12
delta 0.60 w=(1.533,0.329,0.012) q=[-0.1212 -0.1248] dotH_IS=-4.151e-03 dotH_SS=-1.189e-02 fd_err=3.979e-12
delta 1.00 w=(1.537,0.298,0.013) q=[-0.1193 -0.1259] dotH_IS=-4.326e-03 dotH_SS=-1.357e-02 fd_err=2.879e-12
delta 1.50 w=(1.543,0.253,0.013) q=[-0.1176 -0.1267] dotH_IS=-4.624e-03 dotH_SS=-1.687e-02 fd_err=3.319e-12
VREx
delta 0.00 w=(1.531,0.350,0.012) q=[-0.1242 -0.1224] dotH_IS=-8.025e-07 dotH_SS=-8.098e-07 fd_err=1.193e-12
delta 0.10 w=(1.531,0.349,0.012) q=[-0.1237 -0.1229] dotH_IS=1.840e-05 dotH_SS=8.660e-06 fd_err=1.258e-12
delta 0.30 w=(1.532,0.344,0.012) q=[-0.1227 -0.1237] dotH_IS=1.474e-04 dotH_SS=7.616e-05 fd_err=1.275e-12
delta 0.60 w=(1.533,0.329,0.012) q=[-0.1212 -0.1248] dotH_IS=5.606e-04 dotH_SS=2.935e-04 fd_err=9.007e-13
delta 1.00 w=(1.537,0.298,0.013) q=[-0.1193 -0.1259] dotH_IS=1.478e-03 dotH_SS=7.770e-04 fd_err=1.991e-12
delta 1.50 w=(1.543,0.253,0.013) q=[-0.1176 -0.1267] dotH_IS=3.049e-03 dotH_SS=1.620e-03 fd_err=2.214e-12

 nuisance_sweep_fixed_correlation
IRM
delta 0.00 w=(1.531,0.350,0.012) q=[-0.1242 -0.1224] dotH_IS=-4.025e-03 dotH_SS=-1.093e-02 fd_err=2.664e-12
delta 0.10 w=(1.531,0.350,0.012) q=[-0.1242 -0.1224] dotH_IS=-4.025e-03 dotH_SS=-1.093e-02 fd_err=3.622e-12
delta 0.30 w=(1.531,0.350,0.012) q=[-0.1242 -0.1224] dotH_IS=-4.024e-03 dotH_SS=-1.093e-02 fd_err=4.090e-12
delta 0.60 w=(1.531,0.350,0.011) q=[-0.1242 -0.1224] dotH_IS=-4.024e-03 dotH_SS=-1.093e-02 fd_err=1.935e-12
delta 1.00 w=(1.531,0.350,0.010) q=[-0.1242 -0.1224] dotH_IS=-4.024e-03 dotH_SS=-1.093e-02 fd_err=3.783e-12
delta 1.50 w=(1.531,0.350,0.009) q=[-0.1242 -0.1224] dotH_IS=-4.023e-03 dotH_SS=-1.093e-02 fd_err=2.494e-12
VREx
delta 0.00 w=(1.531,0.350,0.012) q=[-0.1242 -0.1224] dotH_IS=-8.025e-07 dotH_SS=-8.098e-07 fd_err=1.193e-12
delta 0.10 w=(1.531,0.350,0.012) q=[-0.1242 -0.1224] dotH_IS=-8.026e-07 dotH_SS=-8.103e-07 fd_err=5.973e-13
delta 0.30 w=(1.531,0.350,0.012) q=[-0.1242 -0.1224] dotH_IS=-8.030e-07 dotH_SS=-8.116e-07 fd_err=2.349e-12
delta 0.60 w=(1.531,0.350,0.011) q=[-0.1242 -0.1224] dotH_IS=-8.042e-07 dotH_SS=-8.139e-07 fd_err=9.283e-13
delta 1.00 w=(1.531,0.350,0.010) q=[-0.1242 -0.1224] dotH_IS=-8.070e-07 dotH_SS=-8.176e-07 fd_err=1.229e-12
delta 1.50 w=(1.531,0.350,0.009) q=[-0.1242 -0.1224] dotH_IS=-8.121e-07 dotH_SS=-8.220e-07 fd_err=1.320e-12
